#-----------------------------------------------------------
# Vivado v2021.2 (64-bit)
# SW Build 3367213 on Tue Oct 19 02:47:39 MDT 2021
# IP Build 3369179 on Thu Oct 21 08:25:16 MDT 2021
# Start of session at: Fri Aug 12 14:50:21 2022
# Process ID: 135287
# Current directory: /home/sam/git_workspace/thesis/hardware-acceleration-of-RRT--path-planning-algorithm/baremetal-software-validation-of-RRT-star/vivado/vivado.runs/design_1_processing_system7_0_0_synth_1
# Command line: vivado -log design_1_processing_system7_0_0.vds -product Vivado -mode batch -messageDb vivado.pb -notrace -source design_1_processing_system7_0_0.tcl
# Log file: /home/sam/git_workspace/thesis/hardware-acceleration-of-RRT--path-planning-algorithm/baremetal-software-validation-of-RRT-star/vivado/vivado.runs/design_1_processing_system7_0_0_synth_1/design_1_processing_system7_0_0.vds
# Journal file: /home/sam/git_workspace/thesis/hardware-acceleration-of-RRT--path-planning-algorithm/baremetal-software-validation-of-RRT-star/vivado/vivado.runs/design_1_processing_system7_0_0_synth_1/vivado.jou
# Running On: sam-HP-Pavilion-Laptop-15-eg0xxx, OS: Linux, CPU Frequency: 3828.386 MHz, CPU Physical cores: 4, Host memory: 16539 MB
#-----------------------------------------------------------
source design_1_processing_system7_0_0.tcl -notrace
